Error type 5 at Line 11: unmatching type
Error type 9 at Line 12: the functionâ€™s arguments mismatch the declared parameters
