Error type 5 at Line 13: unmatching types on both sides of assignment operator (=)
