Error type 3 at Line 4: variable is redefined in the same scope
