Error type 2 at Line 3: function is invoked without definition
