Error type A at Line 3: unknown lexeme 3a
Error type B at Line 5: Missing specifier 
